type RequiredPatientFields = never;
type OptionalPatientFields = 'id' | 'name' | 'gender';

export type PatientTypeGuard = ResourceTypeGuard<Patient>;