{
  "identifier": {
    "kind": "profile",
    "package": "hl7.fhir.us.core",
    "version": "8.0.0",
    "name": "USCorePatient",
    "url": "http://hl7.org/fhir/us/core/StructureDefinition/us-core-patient"
  },
  "base": {
    "kind": "resource",
    "package": "hl7.fhir.r4.core",
    "version": "4.0.1",
    "name": "Patient",
    "url": "http://hl7.org/fhir/StructureDefinition/Patient"
  },
  "dependencies": [
    {
      "kind": "resource",
      "package": "hl7.fhir.r4.core",
      "version": "4.0.1",
      "name": "Patient",
      "url": "http://hl7.org/fhir/StructureDefinition/Patient"
    }
  ],
  "description": "US Core Patient Profile",
  "metadata": {
    "publisher": "HL7 US Realm Steering Committee",
    "experimental": false,
    "date": "2023-10-01",
    "isUSCore": true,
    "profileType": "us-core"
  },
  "constraints": {
    "Patient.identifier": {
      "min": 1,
      "max": "*",
      "mustSupport": true,
      "types": [
        {
          "code": "Identifier"
        }
      ]
    },
    "Patient.name": {
      "min": 1,
      "max": "*",
      "mustSupport": true,
      "types": [
        {
          "code": "HumanName"
        }
      ]
    },
    "Patient.gender": {
      "min": 1,
      "max": "1",
      "mustSupport": true,
      "binding": {
        "strength": "required",
        "valueSet": "http://hl7.org/fhir/ValueSet/administrative-gender"
      }
    },
    "Patient.extension:race": {
      "min": 0,
      "max": "1",
      "mustSupport": true,
      "types": [
        {
          "code": "Extension",
          "profile": [
            "http://hl7.org/fhir/us/core/StructureDefinition/us-core-race"
          ]
        }
      ]
    }
  },
  "extensions": [
    {
      "path": "Patient.extension:race",
      "profile": [
        "http://hl7.org/fhir/us/core/StructureDefinition/us-core-race"
      ],
      "min": 0,
      "max": "1",
      "mustSupport": true
    }
  ]
}
